../Core/Src/LED_TOGGLE.c:160:6:LED1_OFF	8	static
../Core/Src/LED_TOGGLE.c:165:6:RED1_TOGGLE	8	static
../Core/Src/LED_TOGGLE.c:176:6:YELLOW1_TOGGLE	8	static
../Core/Src/LED_TOGGLE.c:187:6:GREEN1_TOGGLE	8	static
../Core/Src/LED_TOGGLE.c:201:6:LED2_OFF	8	static
../Core/Src/LED_TOGGLE.c:206:6:RED2_TOGGLE	8	static
../Core/Src/LED_TOGGLE.c:217:6:YELLOW2_TOGGLE	8	static
../Core/Src/LED_TOGGLE.c:228:6:GREEN2_TOGGLE	8	static
../Core/Src/LED_TOGGLE.c:242:6:LED3_OFF	8	static
../Core/Src/LED_TOGGLE.c:247:6:RED3_TOGGLE	8	static
../Core/Src/LED_TOGGLE.c:258:6:YELLOW3_TOGGLE	8	static
../Core/Src/LED_TOGGLE.c:269:6:GREEN3_TOGGLE	8	static
