../Core/Src/LED_TOGGLE.c:159:6:LED1_OFF	8	static
../Core/Src/LED_TOGGLE.c:164:6:RED1_TOGGLE	8	static
../Core/Src/LED_TOGGLE.c:175:6:YELLOW1_TOGGLE	8	static
../Core/Src/LED_TOGGLE.c:186:6:GREEN1_TOGGLE	8	static
../Core/Src/LED_TOGGLE.c:200:6:LED2_OFF	8	static
../Core/Src/LED_TOGGLE.c:205:6:RED2_TOGGLE	8	static
../Core/Src/LED_TOGGLE.c:216:6:YELLOW2_TOGGLE	8	static
../Core/Src/LED_TOGGLE.c:227:6:GREEN2_TOGGLE	8	static
../Core/Src/LED_TOGGLE.c:241:6:LED3_OFF	8	static
../Core/Src/LED_TOGGLE.c:246:6:RED3_TOGGLE	8	static
../Core/Src/LED_TOGGLE.c:257:6:YELLOW3_TOGGLE	8	static
../Core/Src/LED_TOGGLE.c:268:6:GREEN3_TOGGLE	8	static
